2025-07-30T19:16:14 | touched: contracts/Autoencodernet.sol
2025-11-21T12:17:44 | touched: .env.example
2025-12-28T05:18:16 | touched: contracts/Autoencodernet.sol
2025-02-07T12:57:14 | touched: contracts/Autoencodernet.sol
2025-10-30T17:41:01 | touched: .env.example
2025-09-25T03:13:43 | touched: LICENSE
2025-05-22T09:19:26 | touched: README.md
2025-06-25T13:53:54 | touched: LICENSE
2025-08-21T00:27:38 | touched: .env.example
2025-12-29T13:15:37 | touched: contracts/Autoencodernet.sol
2025-12-01T10:34:46 | touched: scripts/deploy.js
2025-11-04T12:58:54 | touched: package.json
2025-10-24T22:54:04 | touched: README.md
2025-04-29T00:44:02 | touched: LICENSE
2025-03-20T05:43:03 | touched: scripts/deploy.js
2025-12-29T20:47:43 | touched: README.md
2025-03-21T02:40:37 | touched: .env.example
2025-05-06T01:13:49 | touched: README.md
2025-07-05T11:22:17 | touched: hardhat.config.js
2025-05-14T23:37:16 | touched: package.json
2025-12-12T03:47:17 | touched: LICENSE
